Microchip MPLAB XC8 Compiler V2.30

Linker command line:

-W-3 --edf=C:\Program Files\Microchip\xc8\v2.30\pic\dat\en_msgs.txt -cn \
  -h+dist/default/production\VyXuLy.X.production.sym \
  --cmf=dist/default/production\VyXuLy.X.production.cmf -z -Q16F877A \
  -oC:\Users\CUONG\AppData\Local\Temp\smnox2 --defsym=__MPLAB_BUILD=1 \
  -Mdist/default/production/VyXuLy.X.production.map -E1 -ver=XC8 Compiler \
  --acfsm=1493 -ASTACK=0110h-016Fh -pstack=STACK -ACODE=00h-07FFhx4 \
  -ASTRCODE=00h-01FFFh -ASTRING=00h-0FFhx32 -ACONST=00h-0FFhx32 \
  -AENTRY=00h-0FFhx32 -ACOMMON=070h-07Fh -ABANK0=020h-06Fh \
  -ABANK1=0A0h-0EFh -ABANK2=0110h-016Fh -ABANK3=0190h-01EFh \
  -ARAM=020h-06Fh,0A0h-0EFh,0110h-016Fh,0190h-01EFh \
  -AABS1=020h-07Fh,0A0h-0EFh,0110h-016Fh,0190h-01EFh -ASFR0=00h-01Fh \
  -ASFR1=080h-09Fh -ASFR2=0100h-010Fh -ASFR3=0180h-018Fh \
  -ACONFIG=02007h-02007h -DCONFIG=2 -AIDLOC=02000h-02003h -DIDLOC=2 \
  -AEEDATA=00h-0FFh/02100h -peeprom_data=EEDATA -DEEDATA=2 -DCODE=2 \
  -DSTRCODE=2 -DSTRING=2 -DCONST=2 -DENTRY=2 \
  -preset_vec=00h,intentry=04h,init,end_init -ppowerup=CODE -pcinit=CODE \
  -pfunctab=ENTRY -k C:\Users\CUONG\AppData\Local\Temp\smnoxb.o \
  dist/default/production\VyXuLy.X.production.o 

Object code version is 3.11

Machine type is 16F877A



                Name                               Link     Load   Length Selector   Space Scale
C:\Users\CUONG\AppData\Local\Temp\smnoxb.o
                end_init                              C        C        3        8       0
                reset_vec                             0        0        3        0       0
                config                             2007     2007        1        0       4
dist/default/production\VyXuLy.X.production.o
                cinit                                 F        F       1E        8       0
                intentry                              4        4        8        8       0
                config                             2007     2007        1        0       4
                text3                                E3       E3       4B        8       0
                text2                               15E      15E       2D        8       0
                text1                               12E      12E       30        8       0
                maintext                             2D       2D       B6        8       0
                cstackBANK0                          3A       3A        4       20       1
                cstackCOMMON                         75       75        4       70       1
                clrtext                             18B      18B        8        8       0
                dataBANK0                            3E       3E        2       20       1
                bssBANK0                             20       20       1A       20       1
                bssCOMMON                            70       70        5       70       1
                idataBANK0                          193      193        2        8       0

TOTAL           Name                               Link     Load   Length     Space
        CLASS   STACK          

        CLASS   CODE           
                end_init                              C        C        3         0
                cinit                                 F        F       1E         0
                intentry                              4        4        8         0
                reset_vec                             0        0        3         0
                text3                                E3       E3       4B         0
                text2                               15E      15E       2D         0
                text1                               12E      12E       30         0
                maintext                             2D       2D       B6         0
                clrtext                             18B      18B        8         0
                idataBANK0                          193      193        2         0

        CLASS   STRCODE        

        CLASS   STRING         

        CLASS   CONST          

        CLASS   ENTRY          

        CLASS   COMMON         
                cstackCOMMON                         75       75        4         1
                bssCOMMON                            70       70        5         1

        CLASS   BANK0          
                cstackBANK0                          3A       3A        4         1
                dataBANK0                            3E       3E        2         1
                bssBANK0                             20       20       1A         1

        CLASS   BANK1          

        CLASS   BANK2          

        CLASS   BANK3          

        CLASS   RAM            

        CLASS   ABS1           
                abs_s1                               7E       7E        2         1

        CLASS   SFR0           

        CLASS   SFR1           

        CLASS   SFR2           

        CLASS   SFR3           

        CLASS   CONFIG         
                config                             2007     2007        1         4

        CLASS   IDLOC          

        CLASS   EEDATA         



SEGMENTS        Name                           Load    Length   Top    Selector   Space  Class     Delta

                reset_vec                      000000  000003  000003         0       0  CODE        2
                intentry                       000004  000191  000195         8       0  CODE        2
                bssBANK0                       000020  000020  000040        20       1  BANK0       1
                bssCOMMON                      000070  000009  000079        70       1  COMMON      1


UNUSED ADDRESS RANGES

        Name                Unused          Largest block    Delta
        BANK0            0040-006F             30           1
        BANK1            00A0-00EF             50           1
        BANK2            0110-016F             60           1
        BANK3            0190-01EF             60           1
        CODE             0003-0003              1           2
                         0195-1FFF            800
        COMMON           0079-007D              5           1
        CONST            0003-0003              1           2
                         0195-1FFF            100
        EEDATA           2100-21FF            100           2
        ENTRY            0003-0003              1           2
                         0195-1FFF            100
        IDLOC            2000-2003              4           2
        RAM              0040-006F             30           1
                         00A0-00EF             50
                         0110-016F             60
                         0190-01EF             60
        SFR0             0000-001F             20           1
        SFR1             0080-009F             20           1
        SFR2             0100-010F             10           1
        SFR3             0180-018F             10           1
        STACK            0110-016F             60           1
        STRCODE          0003-0003              1           2
                         0195-1FFF           1E6B
        STRING           0003-0003              1           2
                         0195-1FFF            100

                                  Symbol Table

_GIE                     (abs)        005F
_ISR                     text3        00E3
_PEIE                    (abs)        005E
_PORTB                   (abs)        0006
_RB0                     (abs)        0030
_RB1                     (abs)        0031
_RB2                     (abs)        0032
_RB3                     (abs)        0033
_RB4                     (abs)        0034
_RD0                     (abs)        0040
_RD1                     (abs)        0041
_T1CKPS0                 (abs)        0084
_T1CKPS1                 (abs)        0085
_TMR1                    (abs)        000E
_TMR1CS                  (abs)        0081
_TMR1IE                  (abs)        0460
_TMR1IF                  (abs)        0060
_TMR1ON                  (abs)        0080
_TRISB                   (abs)        0086
_TRISD                   (abs)        0088
__Habs1                  abs1         0000
__Hbank0                 bank0        0000
__Hbank1                 bank1        0000
__Hbank2                 bank2        0000
__Hbank3                 bank3        0000
__HbssBANK0              bssBANK0     0000
__HbssCOMMON             bssCOMMON    0000
__Hcinit                 cinit        002D
__Hclrtext               clrtext      0000
__Hcode                  code         0000
__Hcommon                common       0000
__Hconfig                config       2008
__HcstackBANK0           cstackBANK0  0000
__HcstackCOMMON          cstackCOMMON 0000
__HdataBANK0             dataBANK0    0000
__Heeprom_data           eeprom_data  0000
__Hend_init              end_init     000F
__Hfunctab               functab      0000
__HidataBANK0            idataBANK0   0000
__Hinit                  init         000C
__Hintentry              intentry     000C
__Hmaintext              maintext     0000
__Hpowerup               powerup      0000
__Hram                   ram          0000
__Hreset_vec             reset_vec    0003
__Hsfr0                  sfr0         0000
__Hsfr1                  sfr1         0000
__Hsfr2                  sfr2         0000
__Hsfr3                  sfr3         0000
__Hspace_0               (abs)        0195
__Hspace_1               (abs)        0079
__Hspace_2               (abs)        0000
__Hspace_3               (abs)        0000
__Hspace_4               (abs)        400F
__Hstack                 stack        0000
__Hstrings               strings      0000
__Htext                  text         0000
__Labs1                  abs1         0000
__Lbank0                 bank0        0000
__Lbank1                 bank1        0000
__Lbank2                 bank2        0000
__Lbank3                 bank3        0000
__LbssBANK0              bssBANK0     0000
__LbssCOMMON             bssCOMMON    0000
__Lcinit                 cinit        000F
__Lclrtext               clrtext      0000
__Lcode                  code         0000
__Lcommon                common       0000
__Lconfig                config       0000
__LcstackBANK0           cstackBANK0  0000
__LcstackCOMMON          cstackCOMMON 0000
__LdataBANK0             dataBANK0    0000
__Leeprom_data           eeprom_data  0000
__Lend_init              end_init     000C
__Lfunctab               functab      0000
__LidataBANK0            idataBANK0   0000
__Linit                  init         000C
__Lintentry              intentry     0004
__Lmaintext              maintext     0000
__Lpowerup               powerup      0000
__Lram                   ram          0000
__Lreset_vec             reset_vec    0000
__Lsfr0                  sfr0         0000
__Lsfr1                  sfr1         0000
__Lsfr2                  sfr2         0000
__Lsfr3                  sfr3         0000
__Lspace_0               (abs)        0000
__Lspace_1               (abs)        0000
__Lspace_2               (abs)        0000
__Lspace_3               (abs)        0000
__Lspace_4               (abs)        0000
__Lstack                 stack        0000
__Lstrings               strings      0000
__Ltext                  text         0000
__S0                     (abs)        0195
__S1                     (abs)        0079
__S2                     (abs)        0000
__S3                     (abs)        0000
___int_sp                stack        0000
___latbits               (abs)        0002
___sp                    stack        0000
___stackhi               (abs)        0000
___stacklo               (abs)        0000
__end_of_ISR             text3        012E
__end_of__initialization cinit        0029
__end_of_main            maintext     00E3
__end_of_servoRotate0    text2        018B
__end_of_servoRotate90   text1        015E
__initialization         cinit        000F
__pbssBANK0              bssBANK0     0020
__pbssCOMMON             bssCOMMON    0070
__pcstackBANK0           cstackBANK0  003A
__pcstackCOMMON          cstackCOMMON 0075
__pdataBANK0             dataBANK0    003E
__pidataBANK0            idataBANK0   0193
__pintentry              intentry     0004
__pmaintext              maintext     002D
__ptext1                 text1        012E
__ptext2                 text2        015E
__ptext3                 text3        00E3
__size_of_ISR            (abs)        0000
__size_of_main           (abs)        0000
__size_of_servoRotate0   (abs)        0000
__size_of_servoRotate90  (abs)        0000
_barriers_lifting        bssBANK0     0026
_barriers_lowering       bssBANK0     0024
_barriers_open           dataBANK0    003E
_counter0                bssCOMMON    0074
_crossing_blocked        bssCOMMON    0070
_ext_comm_blinking       bssBANK0     002C
_latch_s1                bssBANK0     0030
_latch_s2                bssBANK0     002E
_main                    maintext     002D
_servoRotate0            text2        015E
_servoRotate90           text1        012E
_tick_blink              bssCOMMON    0072
_trigger_s1              bssBANK0     0034
_trigger_s2              bssBANK0     0032
btemp                    (abs)        007E
clear_ram0               clrtext      018B
end_of_initialization    cinit        0029
interrupt_function       intentry     0004
intlevel0                functab      0000
intlevel1                functab      0000
intlevel2                functab      0000
intlevel3                functab      0000
intlevel4                functab      0000
intlevel5                functab      0000
reset_vec                reset_vec    0000
saved_w                  (abs)        007E
servoRotate0@i           cstackBANK0  003C
servoRotate90@i          cstackBANK0  003C
start                    init         000C
start_initialization     cinit        000F
wtemp0                   (abs)        007E


FUNCTION INFORMATION:

 *************** function _main *****************
 Defined at:
		line 70 in file "newmain.c"
 Parameters:    Size  Location     Type
		None
 Auto vars:     Size  Location     Type
		None
 Return value:  Size  Location     Type
                  1    wreg      void 
 Registers used:
		wreg, status,2, status,0, pclath, cstack
 Tracked objects:
		On entry : 
		On exit  : 
		Unchanged: 
 Data sizes:     COMMON   BANK0   BANK1   BANK3   BANK2
      Params:         0       0       0       0       0
      Locals:         0       0       0       0       0
      Temps:          0       0       0       0       0
      Totals:         0       0       0       0       0
Total ram usage:        0 bytes
 Hardware stack levels required when called:    2
 This function calls:
		_servoRotate0
		_servoRotate90
 This function is called by:
		Startup code after reset
 This function uses a non-reentrant model


 *************** function _servoRotate90 *****************
 Defined at:
		line 57 in file "newmain.c"
 Parameters:    Size  Location     Type
		None
 Auto vars:     Size  Location     Type
  i               2    2[BANK0 ] unsigned int 
 Return value:  Size  Location     Type
                  1    wreg      void 
 Registers used:
		wreg, status,2
 Tracked objects:
		On entry : 
		On exit  : 
		Unchanged: 
 Data sizes:     COMMON   BANK0   BANK1   BANK3   BANK2
      Params:         0       0       0       0       0
      Locals:         0       2       0       0       0
      Temps:          0       2       0       0       0
      Totals:         0       4       0       0       0
Total ram usage:        4 bytes
 Hardware stack levels used:    1
 Hardware stack levels required when called:    1
 This function calls:
		Nothing
 This function is called by:
		_main
 This function uses a non-reentrant model


 *************** function _servoRotate0 *****************
 Defined at:
		line 45 in file "newmain.c"
 Parameters:    Size  Location     Type
		None
 Auto vars:     Size  Location     Type
  i               2    2[BANK0 ] unsigned int 
 Return value:  Size  Location     Type
                  1    wreg      void 
 Registers used:
		wreg, status,2
 Tracked objects:
		On entry : 
		On exit  : 
		Unchanged: 
 Data sizes:     COMMON   BANK0   BANK1   BANK3   BANK2
      Params:         0       0       0       0       0
      Locals:         0       2       0       0       0
      Temps:          0       2       0       0       0
      Totals:         0       4       0       0       0
Total ram usage:        4 bytes
 Hardware stack levels used:    1
 Hardware stack levels required when called:    1
 This function calls:
		Nothing
 This function is called by:
		_main
 This function uses a non-reentrant model


 *************** function _ISR *****************
 Defined at:
		line 158 in file "newmain.c"
 Parameters:    Size  Location     Type
		None
 Auto vars:     Size  Location     Type
		None
 Return value:  Size  Location     Type
                  1    wreg      void 
 Registers used:
		wreg, status,2, status,0
 Tracked objects:
		On entry : 
		On exit  : 
		Unchanged: 
 Data sizes:     COMMON   BANK0   BANK1   BANK3   BANK2
      Params:         0       0       0       0       0
      Locals:         0       0       0       0       0
      Temps:          4       0       0       0       0
      Totals:         4       0       0       0       0
Total ram usage:        4 bytes
 Hardware stack levels used:    1
 This function calls:
		Nothing
 This function is called by:
		Interrupt level 1
 This function uses a non-reentrant model



MODULE INFORMATION

Module		Function		Class		Link	Load	Size
newmain.c
		_ISR           		CODE           	00E3	0000	75
		_servoRotate0  		CODE           	015E	0000	45
		_servoRotate90 		CODE           	012E	0000	48
		_main          		CODE           	002D	0000	182

newmain.c estimated size: 350

shared
		__initialization		CODE           	000F	0000	26

shared estimated size: 26

